// Vitest Snapshot v1

exports[`<PageIndexTemplate /> > should render with pages 1`] = `
<DocumentFragment>
  <div
    class="undefined flex flex-col mx-auto min-h-screen"
  >
    <nav>
      <ul
        class="undefined flex flex-row flex-wrap justify-between list-none mx-auto max-w-screen-sm"
      >
        <li>
          <a
            class="undefined text-black no-underline"
            href="/"
          >
            🏠 Home
          </a>
        </li>
        <li>
          <a
            class="undefined text-black no-underline"
            href="/posts"
          >
            📰 Posts
          </a>
        </li>
        <li>
          <a
            class="undefined text-black no-underline"
            href="/pages"
          >
            📑 Pages
          </a>
        </li>
        <li>
          <a
            class="undefined text-black no-underline"
            href="/examples"
          >
            ⚛️ Examples
          </a>
        </li>
      </ul>
    </nav>
    <main>
      <header
        class="undefined mt-12 text-center"
      >
        <h1
          class="undefined font-extrabold"
        >
          Pages
        </h1>
      </header>
      <div>
        <section>
          <div>
            <span
              class="undefined text-gray-700 font-semibold"
            >
              Page 1/1
            </span>
            <section>
              <div>
                <a
                  class="undefined rounded-lg cursor-pointer overflow-x-hidden no-underline"
                  href="/pages/test-page/"
                >
                  <div
                    class="undefined shrink-0 h-40 relative"
                  >
                    <div />
                  </div>
                  <h2
                    class="undefined font-semibold my-5 mx-4"
                  >
                    Test Page →
                  </h2>
                </a>
                <a
                  class="undefined rounded-lg cursor-pointer overflow-x-hidden no-underline"
                  href="/pages/sample-page/"
                >
                  <div
                    class="undefined shrink-0 h-40 relative"
                  >
                    <div />
                  </div>
                  <h2
                    class="undefined font-semibold my-5 mx-4"
                  >
                    Sample Page →
                  </h2>
                </a>
              </div>
            </section>
            <div />
          </div>
        </section>
      </div>
    </main>
    <footer
      class="undefined bg-black flex flex-col justify-self-end mt-12"
    >
      <nav
        class="undefined flex flex-col mx-auto"
      >
        <ul
          class="undefined mt-4"
        />
      </nav>
      <div
        class="undefined text-white my-4 mx-auto p-2"
      >
        <span>
          © 2023 Built with 
          <a
            class="undefined underline"
            href="https://www.gatsbyjs.com"
          >
            Gatsby
          </a>
           and 
          <a
            class="undefined underline"
            href="https://wordpress.org/"
          >
            WordPress
          </a>
        </span>
      </div>
    </footer>
  </div>
</DocumentFragment>
`;
