// Vitest Snapshot v1

exports[`<PageTemplate /> > should render with a page 1`] = `
<DocumentFragment>
  <div
    class="undefined flex flex-col mx-auto min-h-screen"
  >
    <nav>
      <ul
        class="undefined flex flex-row flex-wrap justify-between list-none mx-auto max-w-screen-sm"
      >
        <li>
          <a
            class="undefined text-black no-underline"
            href="/"
          >
            🏠 Home
          </a>
        </li>
        <li>
          <a
            class="undefined text-black no-underline"
            href="/posts"
          >
            📰 Posts
          </a>
        </li>
        <li>
          <a
            class="undefined text-black no-underline"
            href="/pages"
          >
            📑 Pages
          </a>
        </li>
        <li>
          <a
            class="undefined text-black no-underline"
            href="/examples"
          >
            ⚛️ Examples
          </a>
        </li>
      </ul>
    </nav>
    <main>
      <article>
        <h1
          class="undefined font-extrabold mb-10"
        >
          Test Page
        </h1>
        <p
          class="undefined text-gray-600 leading-8"
        >
          Invalid Date
        </p>
        <a
          href="/pages"
        >
          Pages →
        </a>
        <div />
        <p>
          Sorry, no page data was found at this route.
        </p>
        <hr
          class="undefined my-10 mx-0 opacity-30 w-full"
        />
        <nav
          class="undefined flex flex-wrap px-6"
        >
          <a
            href="/pagesundefined"
          >
             →
          </a>
        </nav>
      </article>
    </main>
    <footer
      class="undefined bg-black flex flex-col justify-self-end mt-12"
    >
      <nav
        class="undefined flex flex-col mx-auto"
      >
        <ul
          class="undefined mt-4"
        />
      </nav>
      <div
        class="undefined text-white my-4 mx-auto p-2"
      >
        <span>
          © 2023 Built with 
          <a
            class="undefined underline"
            href="https://www.gatsbyjs.com"
          >
            Gatsby
          </a>
           and 
          <a
            class="undefined underline"
            href="https://wordpress.org/"
          >
            WordPress
          </a>
        </span>
      </div>
    </footer>
  </div>
</DocumentFragment>
`;
