// Vitest Snapshot v1

exports[`<PostIndexTemplate /> > should render with posts 1`] = `
<DocumentFragment>
  <div>
    <nav>
      <ul>
        <li>
          <a
            href="/"
          >
            üè† Home
          </a>
        </li>
        <li>
          <a
            href="/posts"
          >
            üì∞ Posts
          </a>
        </li>
        <li>
          <a
            href="/pages"
          >
            üìë Pages
          </a>
        </li>
        <li>
          <a
            href="/examples"
          >
            ‚öõÔ∏è Examples
          </a>
        </li>
      </ul>
    </nav>
    <main>
      <header>
        <h1>
          Posts
        </h1>
      </header>
      <div>
        <section>
          <div>
            <span>
              Page 1/1
            </span>
            <section>
              <div>
                <a
                  href="/posts/example-post-with-image/"
                >
                  <div>
                    <div
                      class="gatsby-image-wrapper gatsby-image-wrapper-constrained"
                      data-gatsby-image-wrapper=""
                      style="position: relative; overflow: hidden; display: inline-block; vertical-align: top; height: 100%; width: 100%;"
                    >
                      <div
                        style="max-width: 640px; display: block;"
                      >
                        <img
                          alt=""
                          aria-hidden="true"
                          role="presentation"
                          src="data:image/svg+xml;charset=utf-8,%3Csvg height='360' width='640' xmlns='http://www.w3.org/2000/svg' version='1.1'%3E%3C/svg%3E"
                          style="max-width: 100%; display: block; position: static;"
                        />
                      </div>
                      <div
                        aria-hidden="true"
                        data-placeholder-image=""
                        style="height: 100%; left: 0px; position: absolute; top: 0px; width: 100%;"
                      />
                      <picture>
                        <source
                          data-srcset="/static/045d1d479eed7ff0a5984b59c75d98b9/c0299/pizza.webp 160w,/static/045d1d479eed7ff0a5984b59c75d98b9/378b7/pizza.webp 320w,/static/045d1d479eed7ff0a5984b59c75d98b9/3c3fb/pizza.webp 640w"
                          sizes="(min-width: 640px) 640px, 100vw"
                          type="image/webp"
                        />
                        <img
                          alt="Example Post with Image"
                          data-gatsby-image-ssr=""
                          data-main-image=""
                          data-src="/static/045d1d479eed7ff0a5984b59c75d98b9/0f1c0/pizza.jpg"
                          data-srcset="/static/045d1d479eed7ff0a5984b59c75d98b9/c898a/pizza.jpg 160w,/static/045d1d479eed7ff0a5984b59c75d98b9/2278c/pizza.jpg 320w,/static/045d1d479eed7ff0a5984b59c75d98b9/0f1c0/pizza.jpg 640w"
                          decoding="async"
                          loading="lazy"
                          sizes="(min-width: 640px) 640px, 100vw"
                          style="height: 100%; left: 0px; position: absolute; top: 0px; transform: translateZ(0); transition: opacity 250ms linear; width: 100%; will-change: opacity; object-fit: fit; opacity: 0;"
                        />
                      </picture>
                      <noscript />
                      <script
                        type="module"
                      >
                        const t="undefined"!=typeof HTMLImageElement&&"loading"in HTMLImageElement.prototype;if(t){const t=document.querySelectorAll("img[data-main-image]");for(let e of t){e.dataset.src&&(e.setAttribute("src",e.dataset.src),e.removeAttribute("data-src")),e.dataset.srcset&&(e.setAttribute("srcset",e.dataset.srcset),e.removeAttribute("data-srcset"));const t=e.parentNode.querySelectorAll("source[data-srcset]");for(let e of t)e.setAttribute("srcset",e.dataset.srcset),e.removeAttribute("data-srcset");e.complete&&(e.style.opacity=1,e.parentNode.parentNode.querySelector("[data-placeholder-image]").style.opacity=0)}}
                      </script>
                    </div>
                  </div>
                  <h2>
                    Example Post with Image ‚Üí
                  </h2>
                </a>
                <a
                  href="/posts/hello-world/"
                >
                  <div>
                    <div />
                  </div>
                  <h2>
                    Hello world! ‚Üí
                  </h2>
                </a>
              </div>
            </section>
            <div />
          </div>
        </section>
      </div>
    </main>
    <footer>
      <nav>
        <ul />
      </nav>
      <div>
        <span>
          ¬© 2023 Built with 
          <a
            href="https://www.gatsbyjs.com"
          >
            Gatsby
          </a>
           and 
          <a
            href="https://wordpress.org/"
          >
            WordPress
          </a>
        </span>
      </div>
    </footer>
  </div>
</DocumentFragment>
`;
