// Vitest Snapshot v1, https://vitest.dev/guide/snapshot.html

exports[`<SSGISRExampleTemplate /> > should render with posts 1`] = `
<DocumentFragment>
  <div
    class="_layout_522a10 flex flex-col"
  >
    <div
      class="ps-my-0 ps-pt-10 ps-px-5 ps-text-xl"
    >
      <nav>
        <ul
          class="ps-flex ps-flex-row ps-flex-wrap sm:ps-flex-nowrap ps-list-none ps-justify-between ps-max-w-screen-sm ps-mx-auto"
        >
          <li
            class="ps-mr-auto"
          >
            <a
              class="ps-font-sans hover:ps-underline"
              href="/"
            >
              🏠 Home
            </a>
          </li>
          <li
            class="ps-mx-4"
          >
            <a
              class="ps-font-sans hover:ps-underline"
              href="/posts"
            >
              📰 Posts
            </a>
          </li>
          <li
            class="ps-mx-4"
          >
            <a
              class="ps-font-sans hover:ps-underline"
              href="/pages"
            >
              📑 Pages
            </a>
          </li>
          <li
            class="ps-mx-4"
          >
            <a
              class="ps-font-sans hover:ps-underline"
              href="/examples"
            >
              ⚛️ Examples
            </a>
          </li>
        </ul>
      </nav>
    </div>
    <main
      class="_layoutMain_522a10 mb-auto"
    >
      <header
        class="_header_be6ffb"
      >
        <h1
          class="_headerTitle_be6ffb font-extrabold my-auto mx-0 text-center"
        >
          Posts
        </h1>
      </header>
      <div
        class="_container_2107a9"
      >
        <p>
          <em>
            By default, this starter kit is optimized for SSR and Edge Caching on Pantheon. This example instead uses Incremental Static Regeneration and is provided as a reference for cases where Next.js static generation options would be beneficial.
          </em>
        </p>
      </div>
      <section>
        <div
          class="ps-mt-12 ps-grid ps-gap-5 ps-max-w-content ps-mx-auto lg:ps-max-w-screen-lg lg:ps-grid-cols-3"
        >
          <a
            href="/posts/example-post-with-image"
          >
            <div
              class="_card_91079f rounded-lg cursor-pointer h-full overflow-x-hidden"
            >
              <div
                class="_cardImg_91079f shrink-0 h-40 relative"
              >
                <img
                  alt="Example Post with Image"
                  src="undefined/app/uploads/2022/09/pizza.jpeg"
                />
              </div>
              <h2
                class="_cardTitle_91079f font-semibold py-4 px-6"
              >
                Example Post with Image →
              </h2>
            </div>
          </a>
          <a
            href="/posts/hello-world"
          >
            <div
              class="_card_91079f rounded-lg cursor-pointer h-full overflow-x-hidden"
            >
              <div
                class="_cardImg_91079f shrink-0 h-40 relative"
              >
                <div
                  class="_gradientPlaceholder_91079f"
                />
              </div>
              <h2
                class="_cardTitle_91079f font-semibold py-4 px-6"
              >
                Hello world! →
              </h2>
            </div>
          </a>
        </div>
      </section>
    </main>
    <footer
      class="ps-w-full ps-text-white ps-bg-black ps-p-4 ps-mt-12"
    >
      <nav
        class="ps-flex ps-flex-col ps-max-w-lg ps-mx-auto lg:ps-max-w-screen-lg"
      >
        <ul />
      </nav>
      <div
        class="ps-flex ps-my-4 ps-p-2"
      >
        <span
          class="_footerCopy_522a10 my-0 mx-auto"
        >
          © 2023 Built with 
          <a
            class="text-white hover:text-blue-100 underline"
            href="https://nextjs.org/"
          >
            Next.js
          </a>
           and 
          <a
            class="text-blue-500 underline hover:text-blue-100"
            href="https://wordpress.com/"
          >
            WordPress
          </a>
        </span>
      </div>
    </footer>
  </div>
</DocumentFragment>
`;
