// Vitest Snapshot v1, https://vitest.dev/guide/snapshot.html

exports[`<ExamplesPageTemplate /> > should render the examples page 1`] = `
<DocumentFragment>
  <div
    class="_layout_522a10 flex flex-col"
  >
    <div
      class="ps-my-0 ps-pt-10 ps-px-5 ps-text-xl"
    >
      <nav>
        <ul
          class="ps-flex ps-flex-row ps-flex-wrap sm:ps-flex-nowrap ps-list-none ps-justify-between ps-max-w-screen-sm ps-mx-auto"
        >
          <li
            class="ps-mr-auto"
          >
            <a
              class="ps-font-sans hover:ps-underline"
              href="/"
            >
              üè† Home
            </a>
          </li>
          <li
            class="ps-mx-4"
          >
            <a
              class="ps-font-sans hover:ps-underline"
              href="/articles"
            >
              üì∞ Articles
            </a>
          </li>
          <li
            class="ps-mx-4"
          >
            <a
              class="ps-font-sans hover:ps-underline"
              href="/pages"
            >
              üìë Pages
            </a>
          </li>
          <li
            class="ps-mx-4"
          >
            <a
              class="ps-font-sans hover:ps-underline"
              href="/examples"
            >
              ‚öõÔ∏è Examples
            </a>
          </li>
        </ul>
      </nav>
    </div>
    <main
      class="_layoutMain_522a10 mb-auto"
    >
      <header
        class="_header_be6ffb"
      >
        <h1
          class="_headerTitle_be6ffb font-extrabold my-auto mx-0 text-center"
        >
          Examples
        </h1>
      </header>
      <section
        class="_container_5a49b2 flex flex-col font-normal leading-8 m-auto"
      >
        <div
          class="_content_5a49b2"
        >
          <a
            href="/"
          >
            <span>
              Home ‚Üí
            </span>
          </a>
          <p>
            This page outlines a growing list of common use cases that can be used as a reference when building using this starter kit. If you don't need them for your site, feel free to delete the \`pages/examples\` directory in your codebase.
          </p>
          <ul>
            <li>
              <a
                href="/examples/auth-api"
              >
                API Authorization
              </a>
               - confirms that Next.js is able to make authenticated requests to Drupal's API.
            </li>
            <li>
              <a
                href="/examples/ssg-isr"
              >
                SSG and ISR
              </a>
               - by default, this starter kit is optimized for SSR and Edge Caching on Pantheon. This example is provided for cases where Next.js static generation options would be beneficial.
            </li>
            <li>
              <a
                href="/examples/pagination"
              >
                Pagination
              </a>
               - a paginated list with a large dataset.
            </li>
          </ul>
        </div>
      </section>
    </main>
    <footer
      class="ps-w-full ps-text-white ps-bg-black ps-p-4 ps-mt-12"
    >
      <nav
        class="ps-flex ps-flex-col ps-max-w-lg ps-mx-auto lg:ps-max-w-screen-lg"
      >
        <ul>
          <li
            class="ps-list-disc ps-text-blue-300"
          >
            <a
              class="ps-text-blue-300 hover:ps-underline hover:ps-text-blue-100 focus:ps-text-purple-600 active:ps-text-purple-300"
              href="/"
            >
              Home
            </a>
          </li>
        </ul>
      </nav>
      <div
        class="ps-flex ps-my-4 ps-p-2"
      >
        <span
          class="_footerCopy_522a10 my-0 mx-auto"
        >
          ¬© 2023 Built with 
          <a
            href="https://nextjs.org/"
          >
            Next.js
          </a>
           and 
          <a
            href="https://www.drupal.org/"
          >
            Drupal
          </a>
        </span>
      </div>
    </footer>
  </div>
</DocumentFragment>
`;
