// Vitest Snapshot v1, https://vitest.dev/guide/snapshot.html

exports[`<ArticleTemplate /> > should render articles 1`] = `
<DocumentFragment>
  <div
    class="_layout_522a10"
  >
    <div
      class="ps-my-0 ps-pt-10 ps-px-5 ps-text-xl"
    >
      <nav>
        <ul
          class="ps-flex ps-flex-row ps-flex-wrap sm:ps-flex-nowrap ps-list-none ps-justify-between ps-max-w-screen-sm ps-mx-auto"
        >
          <li
            class="ps-mr-auto"
          >
            <a
              class="ps-font-sans hover:ps-underline"
              href="/"
            >
              üè† Home
            </a>
          </li>
          <li
            class="ps-mx-4"
          >
            <a
              class="ps-font-sans hover:ps-underline"
              href="/articles"
            >
              üì∞ Articles
            </a>
          </li>
          <li
            class="ps-mx-4"
          >
            <a
              class="ps-font-sans hover:ps-underline"
              href="/pages"
            >
              üìë Pages
            </a>
          </li>
          <li
            class="ps-mx-4"
          >
            <a
              class="ps-font-sans hover:ps-underline"
              href="/examples"
            >
              ‚öõÔ∏è Examples
            </a>
          </li>
        </ul>
      </nav>
    </div>
    <main
      class="_layoutMain_522a10"
    >
      <article
        class="ps-prose ps-max-w-none xs:ps-prose-xs md:ps-prose-md lg:ps-prose-lg ps-mt-10 ps-mx-auto ps-py-4 ps-px-12"
      >
        <section
          class="ps-prose xs:ps-prose-xs md:ps-prose-md lg:ps-prose-lg ps-mt-10 ps-max-w-screen lg:ps-max-w-screen-lg md:ps-max-w-screen-md sm:ps-max-w-screen-sm ps-mx-auto"
        >
          <h1>
            Give it a go and grow your own herbs
          </h1>
          <button
            class="ps-font-normal ps-underline ps-cursor-pointer"
          >
            Back ‚Üí
          </button>
        </section>
        <div
          class="ps-mt-12 ps-max-w-screen ps-mx-auto lg:ps-max-w-screen-lg [&*>img]:ps-rounded-lg"
        >
          <div
            class="ps-relative ps-mb-10 ps-min-h-[50vh]"
          >
            <img
              alt="Give it a go and grow your own herbs"
              src="https://umami/sites/default/files/home-grown-herbs.jpg"
            />
          </div>
        </div>
        <div
          class="ps-break-words ps-mt-12 _content_11ae3b"
        >
          <p>
            There's nothing like having your own supply of fresh herbs, readily available and close at hand to use while cooking. Whether you have a large garden or a small kitchen window sill, there's always enough room for something home grown.
          </p>
          

          <h2>
            Outdoors
          </h2>
          

          <h3>
            Mint
          </h3>
          

          <p>
            Mint is a great plant to grow as it's hardy and can grow in almost any soil. Mint can grow wild, so keep it contained in a pot or it might spread and take over your whole garden.
          </p>
          

          <h3>
            Sage
          </h3>
          

          <p>
            Like mint, sage is another prolific growing plant and will take over your garden if you let it. Highly aromatic, the sage plant can be planted in a pot or flower bed in well drained soil. The best way to store the herb is to sun dry the leaves and store in a cool, dark cupboard in a sealed container.
          </p>
          

          <h3>
            Rosemary
          </h3>
          

          <p>
            Rosemary plants grow into lovely shrubs. Easily grown from cuttings, rosemary plants do not like freezing temperatures so keep pots or planted bushes near the home to shelter them from the cold. It grows well in pots as it likes dry soil, but can survive well in the ground too. If pruning rosemary to encourage it into a better shape, save the branches and hang them upside down to preserve the flavor and use in food.
          </p>
          

          <h2>
            Indoors
          </h2>
          

          <h3>
            Basil
          </h3>
          

          <p>
            Perfect in sunny spot on a kitchen window sill. Basil is an annual plant, so will die off in the autumn, so it's a good idea to harvest it in the summer if you have an abundance and dry it. Picked basil stays fresh longer if it is placed in water (like fresh flowers). A great way to store basil is to make it into pesto!
          </p>
          

          <h3>
            Chives
          </h3>
          

          <p>
            A versatile herb, chives can grow well indoors. Ensure the plant is watered well, and gets plenty of light. Remember to regularly trim the chives. This prevents the flowers from developing and encourages new growth.
          </p>
          

          <h3>
            Coriander (Cilantro)
          </h3>
          

          <p>
            Coriander can grow indoors, but unlike the other herbs, it doesn't like full sun. If you have a south facing kitchen window, this isn't the place for it. Although not as thirsty as basil, coriander doesn't like dry soil so don't forget to water it! Cut coriander is best stored in the fridge.
          </p>
          

        </div>
      </article>
    </main>
    <footer
      class="ps-w-full ps-text-white ps-bg-black ps-p-4 ps-mt-12"
    >
      <nav
        class="ps-flex ps-flex-col ps-max-w-lg ps-mx-auto lg:ps-max-w-screen-lg"
      >
        <ul>
          <li
            class="ps-list-disc ps-text-blue-300"
          >
            <a
              class="ps-text-blue-300 hover:ps-underline hover:ps-text-blue-100 focus:ps-text-purple-600 active:ps-text-purple-300"
              href="/en"
            >
              Home
            </a>
          </li>
          <li
            class="ps-list-disc ps-text-blue-300"
          >
            <a
              class="ps-text-blue-300 hover:ps-underline hover:ps-text-blue-100 focus:ps-text-purple-600 active:ps-text-purple-300"
              href="/en/articles"
            >
              Articles
            </a>
          </li>
          <li
            class="ps-list-disc ps-text-blue-300"
          >
            <a
              class="ps-text-blue-300 hover:ps-underline hover:ps-text-blue-100 focus:ps-text-purple-600 active:ps-text-purple-300"
              href="/en/recipes"
            >
              Recipes
            </a>
          </li>
        </ul>
      </nav>
      <div
        class="ps-flex ps-my-4 ps-p-2"
      >
        <span
          class="_footerCopy_522a10"
        >
          ¬© 2023 Built with 
          <a
            href="https://nextjs.org/"
          >
            Next.js
          </a>
           and 
          <a
            href="https://www.drupal.org/"
          >
            Drupal
          </a>
        </span>
      </div>
    </footer>
  </div>
</DocumentFragment>
`;

exports[`<SSRArticlesListTemplate /> > should render articles 1`] = `
<DocumentFragment>
  <div
    class="_layout_522a10"
  >
    <div
      class="ps-my-0 ps-pt-10 ps-px-5 ps-text-xl"
    >
      <nav>
        <ul
          class="ps-flex ps-flex-row ps-flex-wrap sm:ps-flex-nowrap ps-list-none ps-justify-between ps-max-w-screen-sm ps-mx-auto"
        >
          <li
            class="ps-mr-auto"
          >
            <a
              class="ps-font-sans hover:ps-underline"
              href="/"
            >
              üè† Home
            </a>
          </li>
          <li
            class="ps-mx-4"
          >
            <a
              class="ps-font-sans hover:ps-underline"
              href="/articles"
            >
              üì∞ Articles
            </a>
          </li>
          <li
            class="ps-mx-4"
          >
            <a
              class="ps-font-sans hover:ps-underline"
              href="/pages"
            >
              üìë Pages
            </a>
          </li>
          <li
            class="ps-mx-4"
          >
            <a
              class="ps-font-sans hover:ps-underline"
              href="/examples"
            >
              ‚öõÔ∏è Examples
            </a>
          </li>
        </ul>
      </nav>
    </div>
    <main
      class="_layoutMain_522a10"
    >
      <header
        class="_header_be6ffb"
      >
        <h1
          class="_headerTitle_be6ffb"
        >
          Articles
        </h1>
      </header>
      <section>
        <div
          class="ps-mt-12 ps-grid ps-gap-5 ps-max-w-content ps-mx-auto lg:ps-max-w-screen-lg lg:ps-grid-cols-3"
        >
          <a
            href="/articles/give-it-a-go-and-grow-your-own-herbs"
          >
            <div
              class="_card_91079f"
            >
              <div
                class="_cardImg_91079f"
              >
                <img
                  alt="Give it a go and grow your own herbs"
                  src="https://umami/sites/default/files/home-grown-herbs.jpg"
                />
              </div>
              <h2
                class="_cardTitle_91079f"
              >
                Give it a go and grow your own herbs ‚Üí
              </h2>
            </div>
          </a>
          <a
            href="/articles/the-real-deal-for-supermarket-savvy-shopping"
          >
            <div
              class="_card_91079f"
            >
              <div
                class="_cardImg_91079f"
              >
                <img
                  alt="The real deal for supermarket savvy shopping"
                  src="https://umami/sites/default/files/supermarket-savvy-umami.jpg"
                />
              </div>
              <h2
                class="_cardTitle_91079f"
              >
                The real deal for supermarket savvy shopping ‚Üí
              </h2>
            </div>
          </a>
          <a
            href="/articles/baking-mishaps-our-troubleshooting-tips"
          >
            <div
              class="_card_91079f"
            >
              <div
                class="_cardImg_91079f"
              >
                <img
                  alt="Baking mishaps - our troubleshooting tips"
                  src="https://umami/sites/default/files/chocolate-brownie-umami.jpg"
                />
              </div>
              <h2
                class="_cardTitle_91079f"
              >
                Baking mishaps - our troubleshooting tips ‚Üí
              </h2>
            </div>
          </a>
          <a
            href="/articles/skip-the-spirits-with-delicious-mocktails"
          >
            <div
              class="_card_91079f"
            >
              <div
                class="_cardImg_91079f"
              >
                <img
                  alt="Skip the spirits with delicious mocktails"
                  src="https://umami/sites/default/files/mojito-mocktail.jpg"
                />
              </div>
              <h2
                class="_cardTitle_91079f"
              >
                Skip the spirits with delicious mocktails ‚Üí
              </h2>
            </div>
          </a>
          <a
            href="/articles/give-your-oatmeal-the-ultimate-makeover"
          >
            <div
              class="_card_91079f"
            >
              <div
                class="_cardImg_91079f"
              >
                <img
                  alt="Give your oatmeal the ultimate makeover"
                  src="https://umami/sites/default/files/oatmeal-fruit-syrup-topping.jpg"
                />
              </div>
              <h2
                class="_cardTitle_91079f"
              >
                Give your oatmeal the ultimate makeover ‚Üí
              </h2>
            </div>
          </a>
          <a
            href="/articles/the-umami-guide-to-our-favourite-mushrooms"
          >
            <div
              class="_card_91079f"
            >
              <div
                class="_cardImg_91079f"
              >
                <img
                  alt="The Umami guide to our favorite mushrooms"
                  src="https://umami/sites/default/files/mushrooms-umami.jpg"
                />
              </div>
              <h2
                class="_cardTitle_91079f"
              >
                The Umami guide to our favorite mushrooms ‚Üí
              </h2>
            </div>
          </a>
          <a
            href="/articles/lets-hear-it-for-carrots"
          >
            <div
              class="_card_91079f"
            >
              <div
                class="_cardImg_91079f"
              >
                <img
                  alt="Let's hear it for carrots "
                  src="https://umami/sites/default/files/heritage-carrots.jpg"
                />
              </div>
              <h2
                class="_cardTitle_91079f"
              >
                Let's hear it for carrots  ‚Üí
              </h2>
            </div>
          </a>
          <a
            href="/articles/dairy-free-and-delicious-milk-chocolate"
          >
            <div
              class="_card_91079f"
            >
              <div
                class="_cardImg_91079f"
              >
                <img
                  alt="Dairy-free and delicious milk chocolate"
                  src="https://umami/sites/default/files/vegan-chocolate.jpg"
                />
              </div>
              <h2
                class="_cardTitle_91079f"
              >
                Dairy-free and delicious milk chocolate ‚Üí
              </h2>
            </div>
          </a>
        </div>
      </section>
    </main>
    <footer
      class="ps-w-full ps-text-white ps-bg-black ps-p-4 ps-mt-12"
    >
      <nav
        class="ps-flex ps-flex-col ps-max-w-lg ps-mx-auto lg:ps-max-w-screen-lg"
      >
        <ul>
          <li
            class="ps-list-disc ps-text-blue-300"
          >
            <a
              class="ps-text-blue-300 hover:ps-underline hover:ps-text-blue-100 focus:ps-text-purple-600 active:ps-text-purple-300"
              href="/en"
            >
              Home
            </a>
          </li>
          <li
            class="ps-list-disc ps-text-blue-300"
          >
            <a
              class="ps-text-blue-300 hover:ps-underline hover:ps-text-blue-100 focus:ps-text-purple-600 active:ps-text-purple-300"
              href="/en/articles"
            >
              Articles
            </a>
          </li>
          <li
            class="ps-list-disc ps-text-blue-300"
          >
            <a
              class="ps-text-blue-300 hover:ps-underline hover:ps-text-blue-100 focus:ps-text-purple-600 active:ps-text-purple-300"
              href="/en/recipes"
            >
              Recipes
            </a>
          </li>
        </ul>
      </nav>
      <div
        class="ps-flex ps-my-4 ps-p-2"
      >
        <span
          class="_footerCopy_522a10"
        >
          ¬© 2023 Built with 
          <a
            href="https://nextjs.org/"
          >
            Next.js
          </a>
           and 
          <a
            href="https://www.drupal.org/"
          >
            Drupal
          </a>
        </span>
      </div>
    </footer>
  </div>
</DocumentFragment>
`;
