// Vitest Snapshot v1, https://vitest.dev/guide/snapshot.html

exports[`<AuthApiExampleTemplate /> > should render a failure message if unauthenticated 1`] = `
<DocumentFragment>
  <div
    class="_layout_522a10 flex flex-col"
  >
    <div
      class="ps-my-0 ps-pt-10 ps-px-5 ps-text-xl"
    >
      <nav>
        <ul
          class="ps-flex ps-flex-row ps-flex-wrap sm:ps-flex-nowrap ps-list-none ps-justify-between ps-max-w-screen-sm ps-mx-auto"
        >
          <li
            class="ps-mr-auto"
          >
            <a
              class="ps-font-sans hover:ps-underline"
              href="/"
            >
              üè† Home
            </a>
          </li>
          <li
            class="ps-mx-4"
          >
            <a
              class="ps-font-sans hover:ps-underline"
              href="/articles"
            >
              üì∞ Articles
            </a>
          </li>
          <li
            class="ps-mx-4"
          >
            <a
              class="ps-font-sans hover:ps-underline"
              href="/pages"
            >
              üìë Pages
            </a>
          </li>
          <li
            class="ps-mx-4"
          >
            <a
              class="ps-font-sans hover:ps-underline"
              href="/examples"
            >
              ‚öõÔ∏è Examples
            </a>
          </li>
        </ul>
      </nav>
    </div>
    <main
      class="_layoutMain_522a10 mb-auto"
    >
      <div
        class="_container_a039d7"
      >
        <h1>
          API Authorization Example
        </h1>
        <a
          href="/"
        >
          <span>
            Home ‚Üí
          </span>
        </a>
        <div>
          <p>
            Next.js was unable to make an authorized request to the Drupal API. Please check your .env.development.local file to ensure that your 
            <code>
              CLIENT_ID
            </code>
             and 
            <code>
              CLIENT_SECRET
            </code>
             are set correctly.
          </p>
          <p>
            For more information on how to set these values, please see 
            <a
              href="https://github.com/pantheon-systems/decoupled-kit-js/blob/canary/web/docs/Frontend%20Starters/Next.js/Next.js%20%2B%20Drupal/setting-environment-variables.md"
            >
              Setting Environment Variables
            </a>
          </p>
        </div>
      </div>
    </main>
    <footer
      class="ps-w-full ps-text-white ps-bg-black ps-p-4 ps-mt-12"
    >
      <nav
        class="ps-flex ps-flex-col ps-max-w-lg ps-mx-auto lg:ps-max-w-screen-lg"
      >
        <ul>
          <li
            class="ps-list-disc ps-text-blue-300"
          >
            <a
              class="ps-text-blue-300 hover:ps-underline hover:ps-text-blue-100 focus:ps-text-purple-600 active:ps-text-purple-300"
              href="/en"
            >
              Home
            </a>
          </li>
          <li
            class="ps-list-disc ps-text-blue-300"
          >
            <a
              class="ps-text-blue-300 hover:ps-underline hover:ps-text-blue-100 focus:ps-text-purple-600 active:ps-text-purple-300"
              href="/en/articles"
            >
              Articles
            </a>
          </li>
          <li
            class="ps-list-disc ps-text-blue-300"
          >
            <a
              class="ps-text-blue-300 hover:ps-underline hover:ps-text-blue-100 focus:ps-text-purple-600 active:ps-text-purple-300"
              href="/en/recipes"
            >
              Recipes
            </a>
          </li>
        </ul>
      </nav>
      <div
        class="ps-flex ps-my-4 ps-p-2"
      >
        <span
          class="_footerCopy_522a10 my-0 mx-auto"
        >
          ¬© 2023 Built with 
          <a
            href="https://nextjs.org/"
          >
            Next.js
          </a>
           and 
          <a
            href="https://www.drupal.org/"
          >
            Drupal
          </a>
        </span>
      </div>
    </footer>
  </div>
</DocumentFragment>
`;

exports[`<AuthApiExampleTemplate /> > should render a success message if authenticated 1`] = `
<DocumentFragment>
  <div
    class="_layout_522a10 flex flex-col"
  >
    <div
      class="ps-my-0 ps-pt-10 ps-px-5 ps-text-xl"
    >
      <nav>
        <ul
          class="ps-flex ps-flex-row ps-flex-wrap sm:ps-flex-nowrap ps-list-none ps-justify-between ps-max-w-screen-sm ps-mx-auto"
        >
          <li
            class="ps-mr-auto"
          >
            <a
              class="ps-font-sans hover:ps-underline"
              href="/"
            >
              üè† Home
            </a>
          </li>
          <li
            class="ps-mx-4"
          >
            <a
              class="ps-font-sans hover:ps-underline"
              href="/articles"
            >
              üì∞ Articles
            </a>
          </li>
          <li
            class="ps-mx-4"
          >
            <a
              class="ps-font-sans hover:ps-underline"
              href="/pages"
            >
              üìë Pages
            </a>
          </li>
          <li
            class="ps-mx-4"
          >
            <a
              class="ps-font-sans hover:ps-underline"
              href="/examples"
            >
              ‚öõÔ∏è Examples
            </a>
          </li>
        </ul>
      </nav>
    </div>
    <main
      class="_layoutMain_522a10 mb-auto"
    >
      <div
        class="_container_a039d7"
      >
        <h1>
          API Authorization Example
        </h1>
        <a
          href="/"
        >
          <span>
            Home ‚Üí
          </span>
        </a>
        <div>
          <p>
            üéâ Next.js was able to successfully make an authenticated request to Drupal! üéâ
          </p>
        </div>
      </div>
    </main>
    <footer
      class="ps-w-full ps-text-white ps-bg-black ps-p-4 ps-mt-12"
    >
      <nav
        class="ps-flex ps-flex-col ps-max-w-lg ps-mx-auto lg:ps-max-w-screen-lg"
      >
        <ul>
          <li
            class="ps-list-disc ps-text-blue-300"
          >
            <a
              class="ps-text-blue-300 hover:ps-underline hover:ps-text-blue-100 focus:ps-text-purple-600 active:ps-text-purple-300"
              href="/en"
            >
              Home
            </a>
          </li>
          <li
            class="ps-list-disc ps-text-blue-300"
          >
            <a
              class="ps-text-blue-300 hover:ps-underline hover:ps-text-blue-100 focus:ps-text-purple-600 active:ps-text-purple-300"
              href="/en/articles"
            >
              Articles
            </a>
          </li>
          <li
            class="ps-list-disc ps-text-blue-300"
          >
            <a
              class="ps-text-blue-300 hover:ps-underline hover:ps-text-blue-100 focus:ps-text-purple-600 active:ps-text-purple-300"
              href="/en/recipes"
            >
              Recipes
            </a>
          </li>
        </ul>
      </nav>
      <div
        class="ps-flex ps-my-4 ps-p-2"
      >
        <span
          class="_footerCopy_522a10 my-0 mx-auto"
        >
          ¬© 2023 Built with 
          <a
            href="https://nextjs.org/"
          >
            Next.js
          </a>
           and 
          <a
            href="https://www.drupal.org/"
          >
            Drupal
          </a>
        </span>
      </div>
    </footer>
  </div>
</DocumentFragment>
`;
