// Vitest Snapshot v1, https://vitest.dev/guide/snapshot.html

exports[`<SSGISRExampleTemplate /> > should render articles 1`] = `
<DocumentFragment>
  <div
    class="_layout_522a10 flex flex-col"
  >
    <div
      class="ps-my-0 ps-pt-10 ps-px-5 ps-text-xl"
    >
      <nav>
        <ul
          class="ps-flex ps-flex-row ps-flex-wrap sm:ps-flex-nowrap ps-list-none ps-justify-between ps-max-w-screen-sm ps-mx-auto"
        >
          <li
            class="ps-mr-auto"
          >
            <a
              class="ps-font-sans hover:ps-underline"
              href="/"
            >
              üè† Home
            </a>
          </li>
          <li
            class="ps-mx-4"
          >
            <a
              class="ps-font-sans hover:ps-underline"
              href="/articles"
            >
              üì∞ Articles
            </a>
          </li>
          <li
            class="ps-mx-4"
          >
            <a
              class="ps-font-sans hover:ps-underline"
              href="/pages"
            >
              üìë Pages
            </a>
          </li>
          <li
            class="ps-mx-4"
          >
            <a
              class="ps-font-sans hover:ps-underline"
              href="/examples"
            >
              ‚öõÔ∏è Examples
            </a>
          </li>
        </ul>
      </nav>
    </div>
    <main
      class="_layoutMain_522a10 mb-auto"
    >
      <header
        class="_header_be6ffb"
      >
        <h1
          class="_headerTitle_be6ffb font-extrabold my-auto mx-0 text-center"
        >
          Articles
        </h1>
      </header>
      <div
        class="_container_2107a9"
      >
        <p>
          <em>
            By default, this starter kit is optimized for SSR and Edge Caching on Pantheon. This example instead uses Incremental Static Regeneration and is provided as a reference for cases where Next.js static generation options would be beneficial.
          </em>
        </p>
      </div>
      <section>
        <div
          class="ps-mt-12 ps-grid ps-gap-5 ps-max-w-content ps-mx-auto lg:ps-max-w-screen-lg lg:ps-grid-cols-3"
        >
          <a
            href="/articles/give-it-a-go-and-grow-your-own-herbs"
          >
            <div
              class="_card_91079f rounded-lg cursor-pointer h-full overflow-x-hidden"
            >
              <div
                class="_cardImg_91079f shrink-0 h-40 relative"
              >
                <img
                  alt="Give it a go and grow your own herbs"
                  src="https://umami/sites/default/files/home-grown-herbs.jpg"
                />
              </div>
              <h2
                class="_cardTitle_91079f font-semibold py-4 px-6"
              >
                Give it a go and grow your own herbs ‚Üí
              </h2>
            </div>
          </a>
          <a
            href="/articles/the-real-deal-for-supermarket-savvy-shopping"
          >
            <div
              class="_card_91079f rounded-lg cursor-pointer h-full overflow-x-hidden"
            >
              <div
                class="_cardImg_91079f shrink-0 h-40 relative"
              >
                <img
                  alt="The real deal for supermarket savvy shopping"
                  src="https://umami/sites/default/files/supermarket-savvy-umami.jpg"
                />
              </div>
              <h2
                class="_cardTitle_91079f font-semibold py-4 px-6"
              >
                The real deal for supermarket savvy shopping ‚Üí
              </h2>
            </div>
          </a>
          <a
            href="/articles/baking-mishaps-our-troubleshooting-tips"
          >
            <div
              class="_card_91079f rounded-lg cursor-pointer h-full overflow-x-hidden"
            >
              <div
                class="_cardImg_91079f shrink-0 h-40 relative"
              >
                <img
                  alt="Baking mishaps - our troubleshooting tips"
                  src="https://umami/sites/default/files/chocolate-brownie-umami.jpg"
                />
              </div>
              <h2
                class="_cardTitle_91079f font-semibold py-4 px-6"
              >
                Baking mishaps - our troubleshooting tips ‚Üí
              </h2>
            </div>
          </a>
          <a
            href="/articles/skip-the-spirits-with-delicious-mocktails"
          >
            <div
              class="_card_91079f rounded-lg cursor-pointer h-full overflow-x-hidden"
            >
              <div
                class="_cardImg_91079f shrink-0 h-40 relative"
              >
                <img
                  alt="Skip the spirits with delicious mocktails"
                  src="https://umami/sites/default/files/mojito-mocktail.jpg"
                />
              </div>
              <h2
                class="_cardTitle_91079f font-semibold py-4 px-6"
              >
                Skip the spirits with delicious mocktails ‚Üí
              </h2>
            </div>
          </a>
          <a
            href="/articles/give-your-oatmeal-the-ultimate-makeover"
          >
            <div
              class="_card_91079f rounded-lg cursor-pointer h-full overflow-x-hidden"
            >
              <div
                class="_cardImg_91079f shrink-0 h-40 relative"
              >
                <img
                  alt="Give your oatmeal the ultimate makeover"
                  src="https://umami/sites/default/files/oatmeal-fruit-syrup-topping.jpg"
                />
              </div>
              <h2
                class="_cardTitle_91079f font-semibold py-4 px-6"
              >
                Give your oatmeal the ultimate makeover ‚Üí
              </h2>
            </div>
          </a>
          <a
            href="/articles/the-umami-guide-to-our-favourite-mushrooms"
          >
            <div
              class="_card_91079f rounded-lg cursor-pointer h-full overflow-x-hidden"
            >
              <div
                class="_cardImg_91079f shrink-0 h-40 relative"
              >
                <img
                  alt="The Umami guide to our favorite mushrooms"
                  src="https://umami/sites/default/files/mushrooms-umami.jpg"
                />
              </div>
              <h2
                class="_cardTitle_91079f font-semibold py-4 px-6"
              >
                The Umami guide to our favorite mushrooms ‚Üí
              </h2>
            </div>
          </a>
          <a
            href="/articles/lets-hear-it-for-carrots"
          >
            <div
              class="_card_91079f rounded-lg cursor-pointer h-full overflow-x-hidden"
            >
              <div
                class="_cardImg_91079f shrink-0 h-40 relative"
              >
                <img
                  alt="Let's hear it for carrots "
                  src="https://umami/sites/default/files/heritage-carrots.jpg"
                />
              </div>
              <h2
                class="_cardTitle_91079f font-semibold py-4 px-6"
              >
                Let's hear it for carrots  ‚Üí
              </h2>
            </div>
          </a>
          <a
            href="/articles/dairy-free-and-delicious-milk-chocolate"
          >
            <div
              class="_card_91079f rounded-lg cursor-pointer h-full overflow-x-hidden"
            >
              <div
                class="_cardImg_91079f shrink-0 h-40 relative"
              >
                <img
                  alt="Dairy-free and delicious milk chocolate"
                  src="https://umami/sites/default/files/vegan-chocolate.jpg"
                />
              </div>
              <h2
                class="_cardTitle_91079f font-semibold py-4 px-6"
              >
                Dairy-free and delicious milk chocolate ‚Üí
              </h2>
            </div>
          </a>
        </div>
      </section>
    </main>
    <footer
      class="ps-w-full ps-text-white ps-bg-black ps-p-4 ps-mt-12"
    >
      <nav
        class="ps-flex ps-flex-col ps-max-w-lg ps-mx-auto lg:ps-max-w-screen-lg"
      >
        <ul>
          <li
            class="ps-list-disc ps-text-blue-300"
          >
            <a
              class="ps-text-blue-300 hover:ps-underline hover:ps-text-blue-100 focus:ps-text-purple-600 active:ps-text-purple-300"
              href="/en"
            >
              Home
            </a>
          </li>
          <li
            class="ps-list-disc ps-text-blue-300"
          >
            <a
              class="ps-text-blue-300 hover:ps-underline hover:ps-text-blue-100 focus:ps-text-purple-600 active:ps-text-purple-300"
              href="/en/articles"
            >
              Articles
            </a>
          </li>
          <li
            class="ps-list-disc ps-text-blue-300"
          >
            <a
              class="ps-text-blue-300 hover:ps-underline hover:ps-text-blue-100 focus:ps-text-purple-600 active:ps-text-purple-300"
              href="/en/recipes"
            >
              Recipes
            </a>
          </li>
        </ul>
      </nav>
      <div
        class="ps-flex ps-my-4 ps-p-2"
      >
        <span
          class="_footerCopy_522a10 my-0 mx-auto"
        >
          ¬© 2023 Built with 
          <a
            href="https://nextjs.org/"
          >
            Next.js
          </a>
           and 
          <a
            href="https://www.drupal.org/"
          >
            Drupal
          </a>
        </span>
      </div>
    </footer>
  </div>
</DocumentFragment>
`;
